// Jest Snapshot v1, https://goo.gl/fbAQLP

exports[`<Header /> renders 1`] = `
<Button
  active={false}
  disabled={false}
  onClick={[Function]}
  type="button"
  variant="primary"
>
  <button
    className="btn btn-primary"
    disabled={false}
    onClick={[Function]}
    type="button"
  >
    Let's Run Dijkstra
  </button>
</Button>
`;
