// Jest Snapshot v1, https://goo.gl/fbAQLP

exports[`<Header /> renders 1`] = `
<Fragment>
  <br />
  <Button
    active={false}
    disabled={false}
    id="fence-button"
    style={
      Object {
        "margin": "10px 0 ",
      }
    }
    type="button"
    variant="primary"
  >
    Make Fences
  </Button>
  <br />
  <Button
    active={false}
    disabled={false}
    id="button"
    onClick={[MockFunction]}
    style={
      Object {
        "margin": "10px 0 ",
      }
    }
    type="button"
    variant="primary"
  >
    Let's Run Dijkstra
  </Button>
</Fragment>
`;
