// Jest Snapshot v1, https://goo.gl/fbAQLP

exports[`<Header /> renders 1`] = `
<Navbar
  bg="dark"
  collapseOnSelect={true}
  expand="lg"
  variant="dark"
>
  <NavbarBrand
    href="https://github.com/Walker-TW/Algorithm-Visualizer"
  >
    Algo-Visualiser
  </NavbarBrand>
  <NavbarToggle
    aria-controls="responsive-navbar-nav"
    label="Toggle navigation"
  />
  <NavbarCollapse
    id="responsive-navbar-nav"
  >
    <Container
      fluid={true}
    >
      <Col>
        <Nav
          className="mr-auto"
          fill={false}
          justify={false}
        >
          <NavDropdown
            title="Mazes"
          >
            <DropdownItem
              as={
                Object {
                  "$$typeof": Symbol(react.forward_ref),
                  "displayName": "SafeAnchor",
                  "render": [Function],
                }
              }
              disabled={false}
            >
              1
            </DropdownItem>
            <DropdownDivider
              role="separator"
            />
            <DropdownItem
              as={
                Object {
                  "$$typeof": Symbol(react.forward_ref),
                  "displayName": "SafeAnchor",
                  "render": [Function],
                }
              }
              disabled={false}
            >
              2
            </DropdownItem>
            <DropdownDivider
              role="separator"
            />
            <DropdownItem
              as={
                Object {
                  "$$typeof": Symbol(react.forward_ref),
                  "displayName": "SafeAnchor",
                  "render": [Function],
                }
              }
              disabled={false}
            >
              3?
            </DropdownItem>
            <DropdownDivider
              role="separator"
            />
          </NavDropdown>
          <NavDropdown
            id="collasible-nav-dropdown"
            title="Algorithms"
          >
            <DropdownItem
              as={
                Object {
                  "$$typeof": Symbol(react.forward_ref),
                  "displayName": "SafeAnchor",
                  "render": [Function],
                }
              }
              disabled={false}
              id="set-dijkstra"
              onClick={[Function]}
            >
              Dijkstra
            </DropdownItem>
            <DropdownItem
              as={
                Object {
                  "$$typeof": Symbol(react.forward_ref),
                  "displayName": "SafeAnchor",
                  "render": [Function],
                }
              }
              disabled={false}
              id="set-astar-euclidean"
              onClick={[Function]}
            >
              A* (Euclidean Distance)
            </DropdownItem>
            <DropdownItem
              as={
                Object {
                  "$$typeof": Symbol(react.forward_ref),
                  "displayName": "SafeAnchor",
                  "render": [Function],
                }
              }
              disabled={false}
              id="set-astar-manhatten"
              onClick={[Function]}
            >
              A* (Manhatten Distance)
            </DropdownItem>
            <DropdownItem
              as={
                Object {
                  "$$typeof": Symbol(react.forward_ref),
                  "displayName": "SafeAnchor",
                  "render": [Function],
                }
              }
              disabled={false}
              id="set-depth-first-search"
              onClick={[Function]}
            >
              Depth First Search
            </DropdownItem>
            <DropdownItem
              as={
                Object {
                  "$$typeof": Symbol(react.forward_ref),
                  "displayName": "SafeAnchor",
                  "render": [Function],
                }
              }
              disabled={false}
              id="set-breadth-first-search"
              onClick={[Function]}
            >
              Breadth First Search
            </DropdownItem>
          </NavDropdown>
          <Form
            inline={true}
            navbar="true"
          >
            <FormCheck
              disabled={false}
              id="fence-check"
              inline={false}
              isInvalid={false}
              isValid={false}
              label="Fence mode"
              name="fences"
              onChange={[MockFunction]}
              style={
                Object {
                  "color": "white",
                }
              }
              title=""
              type="checkbox"
            />
          </Form>
        </Nav>
      </Col>
      <Col>
        <Nav
          fill={false}
          inline={true}
          justify={false}
        >
          <Button
            active={false}
            disabled={true}
            id="run-btn"
            onClick={[Function]}
            style={
              Object {
                "border": "2px solid chartreuse",
                "color": "chartreuse",
              }
            }
            type="button"
            variant="dark"
          >
            Please Select An Algorithm
          </Button>
          <Button
            active={false}
            disabled={false}
            id="reset-btn"
            onClick={[MockFunction]}
            style={
              Object {
                "border": "2px solid red",
                "color": "red",
              }
            }
            type="button"
            variant="dark"
          >
            Reset
          </Button>
        </Nav>
      </Col>
      <Col>
        <Nav
          fill={false}
          justify={false}
          navbar="true"
        >
          <DropdownButton
            size="sm"
            title="Settings"
            variant="secondary"
          >
            <Container
              fluid={false}
            >
              <Form
                inline={true}
                onSubmit={[Function]}
              >
                Grid Size
                <FormControl
                  className="Column-Input"
                  onChange={[Function]}
                  placeholder="Column"
                  size="sm"
                  type="text"
                />
                <FormControl
                  className="Row-Input"
                  onChange={[Function]}
                  placeholder="Row"
                  size="sm"
                  type="text"
                />
                <FormGroup
                  controlId="formBasicRange"
                >
                  <FormLabel
                    column={false}
                    srOnly={false}
                  >
                     Speed
                  </FormLabel>
                  <FormControl
                    type="range"
                  />
                </FormGroup>
                <Button
                  active={false}
                  block={true}
                  disabled={false}
                  type="submit"
                  variant="danger"
                >
                  Update
                </Button>
              </Form>
            </Container>
          </DropdownButton>
          <DropdownButton
            id="contact-info"
            size="sm"
            title="Contact The Team"
          >
            <Container
              fluid={false}
            >
              <Row
                noGutters={false}
              >
                <DropdownItem
                  as={
                    Object {
                      "$$typeof": Symbol(react.forward_ref),
                      "displayName": "SafeAnchor",
                      "render": [Function],
                    }
                  }
                  disabled={false}
                  href="https://github.com/basselalsayed"
                  id="basselGit"
                >
                  Bassel's Git
                </DropdownItem>
              </Row>
              <Row
                noGutters={false}
              >
                <DropdownItem
                  as={
                    Object {
                      "$$typeof": Symbol(react.forward_ref),
                      "displayName": "SafeAnchor",
                      "render": [Function],
                    }
                  }
                  disabled={false}
                  href="https://www.linkedin.com/in/bsas/"
                  id="basselLink"
                >
                  Bassel's LinkedIn
                </DropdownItem>
              </Row>
            </Container>
            <Container
              fluid={false}
            >
              <Row
                noGutters={false}
              >
                <DropdownItem
                  as={
                    Object {
                      "$$typeof": Symbol(react.forward_ref),
                      "displayName": "SafeAnchor",
                      "render": [Function],
                    }
                  }
                  disabled={false}
                  href="https://github.com/Walker-TW"
                  id="tomGit"
                >
                  Tom's Git
                </DropdownItem>
              </Row>
              <Row
                noGutters={false}
              >
                <DropdownItem
                  as={
                    Object {
                      "$$typeof": Symbol(react.forward_ref),
                      "displayName": "SafeAnchor",
                      "render": [Function],
                    }
                  }
                  disabled={false}
                  href="https://www.linkedin.com/in/thomas-w-walker/"
                  id="tomLink"
                >
                  Tom's LinkedIn
                </DropdownItem>
              </Row>
            </Container>
          </DropdownButton>
        </Nav>
      </Col>
    </Container>
  </NavbarCollapse>
</Navbar>
`;
