// Jest Snapshot v1, https://goo.gl/fbAQLP

exports[`<Header /> renders 1`] = `
<Navbar
  bg="dark"
  collapseOnSelect={true}
  expand="lg"
  variant="dark"
>
  <NavbarBrand
    href="https://github.com/Walker-TW/Algorithm-Visualizer"
  >
    Algo-Visualiser
  </NavbarBrand>
  <NavbarToggle
    aria-controls="responsive-navbar-nav"
    label="Toggle navigation"
  />
  <NavbarCollapse
    id="responsive-navbar-nav"
  >
    <Nav
      className="mr-auto"
      fill={false}
      justify={false}
    >
      <NavDropdown
        title="Mazes"
      >
        <DropdownItem
          as={
            Object {
              "$$typeof": Symbol(react.forward_ref),
              "displayName": "SafeAnchor",
              "render": [Function],
            }
          }
          disabled={false}
        >
          1
        </DropdownItem>
        <DropdownDivider
          role="separator"
        />
        <DropdownItem
          as={
            Object {
              "$$typeof": Symbol(react.forward_ref),
              "displayName": "SafeAnchor",
              "render": [Function],
            }
          }
          disabled={false}
        >
          2
        </DropdownItem>
        <DropdownDivider
          role="separator"
        />
        <DropdownItem
          as={
            Object {
              "$$typeof": Symbol(react.forward_ref),
              "displayName": "SafeAnchor",
              "render": [Function],
            }
          }
          disabled={false}
        >
          3?
        </DropdownItem>
        <DropdownDivider
          role="separator"
        />
      </NavDropdown>
      <NavDropdown
        id="collasible-nav-dropdown"
        title="Algorithms"
      >
        <DropdownItem
          as={
            Object {
              "$$typeof": Symbol(react.forward_ref),
              "displayName": "SafeAnchor",
              "render": [Function],
            }
          }
          disabled={false}
          id="set-dijkstra"
          onClick={[Function]}
        >
          Dijkstra
        </DropdownItem>
        <DropdownItem
          as={
            Object {
              "$$typeof": Symbol(react.forward_ref),
              "displayName": "SafeAnchor",
              "render": [Function],
            }
          }
          disabled={false}
          id="set-astar-euclidean"
          onClick={[Function]}
        >
          A* (Euclidean Distance)
        </DropdownItem>
        <DropdownItem
          as={
            Object {
              "$$typeof": Symbol(react.forward_ref),
              "displayName": "SafeAnchor",
              "render": [Function],
            }
          }
          disabled={false}
          id="set-astar-manhatten"
          onClick={[Function]}
        >
          A* (Manhatten Distance)
        </DropdownItem>
        <DropdownItem
          as={
            Object {
              "$$typeof": Symbol(react.forward_ref),
              "displayName": "SafeAnchor",
              "render": [Function],
            }
          }
          disabled={false}
          id="set-depth-first-search"
          onClick={[Function]}
        >
          Depth First Search
        </DropdownItem>
        <DropdownItem
          as={
            Object {
              "$$typeof": Symbol(react.forward_ref),
              "displayName": "SafeAnchor",
              "render": [Function],
            }
          }
          disabled={false}
          id="set-breadth-first-search"
          onClick={[Function]}
        >
          Breadth First Search
        </DropdownItem>
        <DropdownDivider
          role="separator"
        />
        <DropdownItem
          as={
            Object {
              "$$typeof": Symbol(react.forward_ref),
              "displayName": "SafeAnchor",
              "render": [Function],
            }
          }
          disabled={false}
        >
          Separated link
        </DropdownItem>
      </NavDropdown>
      <Form
        inline={true}
      >
        <FormCheck
          disabled={false}
          id="fence-check"
          inline={false}
          isInvalid={false}
          isValid={false}
          label="Fence mode"
          name="fences"
          onChange={[MockFunction]}
          style={
            Object {
              "color": "white",
            }
          }
          title=""
          type="checkbox"
        />
      </Form>
    </Nav>
    <Nav
      fill={false}
      justify={false}
      variant="center"
    >
      <Button
        active={false}
        disabled={true}
        id="run-btn"
        onClick={[Function]}
        style={
          Object {
            "border": "2px solid yellow",
            "color": "yellow",
          }
        }
        type="button"
        variant="dark"
      >
        Select Algorithm
      </Button>
      <Button
        active={false}
        disabled={false}
        id="reset-btn"
        onClick={[MockFunction]}
        style={
          Object {
            "border": "2px solid red",
            "color": "red",
          }
        }
        type="button"
        variant="dark"
      >
        Reset
      </Button>
    </Nav>
    <DropdownButton
      size="sm"
      title="Settings"
      variant="secondary"
    >
      <Form
        inline={true}
        onSubmit={[Function]}
      >
        Grid Size
        <FormControl
          className="Column-Input"
          onChange={[Function]}
          placeholder="Column"
          size="sm"
          type="text"
        />
        <FormControl
          className="Row-Input"
          onChange={[Function]}
          placeholder="Row"
          size="sm"
          type="text"
        />
        <FormGroup
          controlId="formBasicRange"
        >
          <FormLabel
            column={false}
            srOnly={false}
          >
             Speed
          </FormLabel>
          <FormControl
            type="range"
          />
        </FormGroup>
        <Button
          active={false}
          block={true}
          disabled={false}
          type="submit"
          variant="danger"
        >
          Update
        </Button>
      </Form>
    </DropdownButton>
    <Nav
      fill={false}
      justify={false}
    >
      <NavLink
        as={
          Object {
            "$$typeof": Symbol(react.forward_ref),
            "displayName": "SafeAnchor",
            "render": [Function],
          }
        }
        disabled={false}
        href="#deets"
      >
        More deets
      </NavLink>
      <NavLink
        as={
          Object {
            "$$typeof": Symbol(react.forward_ref),
            "displayName": "SafeAnchor",
            "render": [Function],
          }
        }
        disabled={false}
        eventKey={2}
      >
        Contact
      </NavLink>
    </Nav>
  </NavbarCollapse>
</Navbar>
`;
