// Jest Snapshot v1, https://goo.gl/fbAQLP

exports[`<Visualizer /> renders 1`] = `
<Fragment>
  <Header
    algorithm=""
    fenceToggle={[Function]}
    ready={false}
    reset={[Function]}
    run={[Function]}
    setAlgorithm={[Function]}
  />
  <Alert
    closeLabel="Close alert"
    show={true}
    transition={
      Object {
        "$$typeof": Symbol(react.forward_ref),
        "defaultProps": Object {
          "appear": false,
          "in": false,
          "mountOnEnter": false,
          "timeout": 300,
          "unmountOnExit": false,
        },
        "displayName": "Fade",
        "render": [Function],
      }
    }
    variant="primary"
  >
    Please Choose A Start & End Node
  </Alert>
  <Nodes
    fenceToggle={false}
    grid={Array []}
    gridHasFinish={false}
    gridHasStart={false}
    mouseFlag={[Function]}
    mouseToggle={false}
    nodeFlag={[Function]}
  />
</Fragment>
`;
